MAP
    NAME "OWS services Fit-For-Purpose project"
    IMAGECOLOR 255 255 255
    TRANSPARENT ON
    SIZE 1350 1900
    MAXSIZE 4096

    IMAGETYPE PNG24

	CONFIG "MS_ERRORFILE" "D:\code\ffp\ffp_app_v3.2\api\ms_error.txt"

  #---
    PROJECTION
        "init=epsg:4326"
    END
  #---
    EXTENT -80.72 -5.13 -67.21 13.47

#----- Start of WEB DEFINITION ------
    WEB
        IMAGEPATH "/ms4w/tmp/ms_tmp/"
        IMAGEURL "/ms_tmp/"
      #---
        METADATA
			"map" "D:\code\ffp\ffp_app_v3.2\api\ows.map"
            "ows_schemas_location" "http://schemas.opengeospatial.net"
            "ows_title" "OWS services Fit-For-Purpose project"
            "ows_abstract" "OWS services Fit-For-Purpose project"
            "ows_onlineresource" "http://localhost/cgi-bin/mapserv.exe?"
            "ows_fees""None"
            "ows_accessconstraints" "None"
          #---
            "wms_contactperson" "SDI-T Team"
            "wms_contactorganization" "ITC"
            "wms_addresstype" "Postal"
            "wms_address" "Hengelosestraat 99"
            "wms_city" "Enschede"
            "wms_stateorprovince" "Overijssel"
            "wms_postcode" "7514 AE"
            "wms_country" "The Netherlands"
            "wms_title" "OWS services Fit-For-Purpose project"
            "wms_srs" "EPSG:4326 EPSG:3857 EPSG:3115 EPSG:3116 EPSG:3117"
            "wms_feature_info_mime_type" "application/vnd.ogc.gml"
            "wms_feature_info_mime_type" "text/plain"
            "wms_feature_info_mime_type" "text/html"
            "wms_server_version" "1.1.1"
            "wms_formatlist" "image/png,image/gif,image/bmp,image/jpeg"
            "wms_format" "image/png"
            "wms_enable_request" "GetMap GetFeatureInfo GetCapabilities"
          #---
            "wfs_title" "WFS service Fit-For-Purpose project"
            "wfs_srs" "EPSG:4326 EPSG:3857 EPSG:3115 EPSG:3116 EPSG:3117"
            "wfs_server_version" "1.0.0"
            "wfs_namespace_prefix" "ffp"
            "wfs_enable_request" "GetFeature DescribeFeature GetCapabilities"
        END
    END
#----- End of WEB DEFINITION ------

    FONTSET  "fonts/fonts.list"

    #---
    SYMBOL
        NAME 'circle'
        TYPE ELLIPSE
        FILLED TRUE
        POINTS
            1 1
        END
    END
    #---

    #---
    OUTPUTFORMAT
        NAME "geojson"
        DRIVER "OGR/GEOJSON"
        MIMETYPE "application/json; subtype=geojson"
        FORMATOPTION "STORAGE=stream"
        FORMATOPTION "FORM=SIMPLE"
    END
    #---


    #---
    OUTPUTFORMAT
        NAME pnggd
        DRIVER "GD/PNG"
        MIMETYPE "image/png"
        IMAGEMODE PC256
        EXTENSION "png"
    END
    OUTPUTFORMAT
        NAME pnggd24
        DRIVER "GD/PNG"
        MIMETYPE "image/png"
        IMAGEMODE RGBA
        EXTENSION "png"
    END
    OUTPUTFORMAT
        NAME jpeggd
        DRIVER "GD/JPEG"
        FORMATOPTION "QUALITY=75"
        MIMETYPE "image/jpeg"
        IMAGEMODE RGB
        EXTENSION "jpg"
    END
    OUTPUTFORMAT
        NAME "GTiff"
        DRIVER GDAL/GTiff
        MIMETYPE "image/tiff"
        FORMATOPTION 'GDAL/*: "NULLVALUE=255"'
        IMAGEMODE RGB
        EXTENSION "tif"
    END
    #---


#----- LAYER DEFINITIONS ------

    #----- crt_spatialunit layer -----
    LAYER
        NAME "crt_spatialunit"
        TYPE POLYGON
        STATUS ON
        DUMP TRUE
      #---
        CONNECTIONTYPE postgis
        CONNECTION "user=kadaster password=kadaster** host=%HOST%
                    port=%PORT% dbname=%DATABASE% options='-c client_encoding=UTF8'"
        DATA "ogc_geom FROM
                (SELECT objectid AS ogc_id, spatialunit_name, geom AS ogc_geom
                FROM %SCHEMA%.spatialunit
                WHERE objectid = '%SU_ID%')
            AS query USING UNIQUE ogc_id USING SRID=4326"
      #---
        VALIDATION
            "default_SU_ID" "%"
            "SU_ID" ".+$"
            "default_DATABASE" "%"
            "DATABASE" ".+$"
            "default_SCHEMA" "%"
            "SCHEMA" ".+$"
            "default_PORT" "5432"
            "PORT" ".+$"
            "default_HOST" "localhost"
            "HOST" ".+$"
        END
      #---
        PROJECTION
            "init=epsg:4326"
        END
      #---
        METADATA
            "wms_title" "Spatialunit"
            "wms_abstract" "Polygons of spatialunits"
            "wms_include_items" "all"
            "wfs_title" "Veredas"
            "wfs_abstract" "Polygons of spatialunits"
            "wfs_getfeature_formatlist" "geojson"
            "gml_featureid" "ogc_id"
            "gml_include_items" "all"
        END
      #---
        CLASS
            NAME "spatialunit"
            STYLE
                # COLOR "#ffebcd"
                OUTLINECOLOR 0 255 180
                WIDTH 3
            END
        END
    END #----- crt_spatialunit layer -----



    #----- spatialunit layer -----
    LAYER
        NAME "spatialunit"
        TYPE POLYGON
        STATUS ON
        DUMP TRUE
      #---
        CONNECTIONTYPE postgis
        CONNECTION "user=kadaster password=kadaster** host=%HOST%
                    port=%PORT% dbname=%DATABASE% options='-c client_encoding=UTF8'"
        DATA 'ogc_geom FROM
                (WITH r AS
                    (SELECT DISTINCT spatialunit_id, right_type
                    FROM %SCHEMA%.right)
                SELECT s.objectid AS ogc_id, r.right_type, s.geom AS ogc_geom
                FROM %SCHEMA%.spatialunit as s LEFT JOIN r on s.globalid = r.spatialunit_id)
            AS query USING UNIQUE ogc_id USING SRID=4326'
      #---
        VALIDATION
            "default_DATABASE" "%"
            "DATABASE" ".+$"
            "default_SCHEMA" "%"
            "SCHEMA" ".+$"
            "default_PORT" "5432"
            "PORT" ".+$"
            "default_HOST" "localhost"
            "HOST" ".+$"
        END
      #---
        PROJECTION
            "init=epsg:4326"
        END
      #---
        METADATA
            "wms_title" "Spatialunit"
            "wms_abstract" "Polygons of spatialunits"
            "wms_include_items" "all"
            "wfs_title" "Veredas"
            "wfs_abstract" "Polygons of spatialunits"
            "wfs_getfeature_formatlist" "geojson"
            "gml_featureid" "ogc_id"
            "gml_include_items" "all"
        END
      #---
        CLASS
            NAME "spatialunit"
            STYLE
                COLOR "#ffebcd"
                OUTLINECOLOR 80 80 80
                WIDTH 1
            END
        END
    END #----- spatialunit layer -----



    #----- boundary status layer -----
    LAYER
        NAME "boundary_status"
        TYPE LINE
        STATUS ON
        DUMP TRUE
      #---
        CONNECTIONTYPE postgis
        CONNECTION "user=kadaster password=kadaster** host=%HOST%
                    port=%PORT% dbname=%DATABASE% options='-c client_encoding=UTF8'"
        DATA "ogc_geom FROM
                (SELECT l.limitid AS ogc_id, l.id_pol AS su_id, c.status, st_length(geom) as length,
                        l.geom AS ogc_geom
                FROM %SCHEMA%.limites AS l JOIN %SCHEMA%.muestra_limite_view AS c ON l.limitid = c.limitid
                WHERE l.id_pol::TEXT LIKE '%SU_ID%')
            AS query USING UNIQUE ogc_id USING SRID=4326"
      #---
        VALIDATION
            "default_SU_ID" "%"
            "SU_ID" ".+$"
            "default_DATABASE" "%"
            "DATABASE" ".+$"
            "default_SCHEMA" "%"
            "SCHEMA" ".+$"
            "default_PORT" "5432"
            "PORT" ".+$"
            "default_HOST" "localhost"
            "HOST" ".+$"
        END
      #---
        PROJECTION
            "init=epsg:4326"
        END
      #---
        METADATA
            "wms_title" "Boundaries"
            "wms_abstract" "Boundaries between spatial units"
            "wms_include_items" "all"
            "wfs_title" "Boundaries"
            "wfs_abstract" "Boundaries between spatial units"
            "wfs_getfeature_formatlist" "geojson"
            "gml_featureid" "ogc_id"
            "gml_include_items" "all"
        END
      #---
        CLASS
            NAME "boundaries"
            STYLE
                COLOR 20 20 20
                WIDTH 2
            END
        END
    END #----- boundary status layer -----



    #----- boundaries layer -----
    LAYER
        NAME "boundaries"
        TYPE LINE
        STATUS ON
        DUMP TRUE
      #---
        CONNECTIONTYPE postgis
        CONNECTION "user=kadaster password=kadaster** host=%HOST%
                    port=%PORT% dbname=%DATABASE% options='-c client_encoding=UTF8'"
        DATA "ogc_geom FROM
                (SELECT l.limitid AS ogc_id, l.id_pol AS su_id, c.status, st_length(geom) as length,
                        l.geom AS ogc_geom
                 FROM %SCHEMA%.limites AS l JOIN %SCHEMA%.muestra_limite_view AS c ON l.limitid = c.limitid
                 WHERE l.id_pol::TEXT LIKE '%SU_ID%')
              AS query USING UNIQUE ogc_id USING SRID=4326"
      #---
        VALIDATION
          "default_SU_ID" "%"
          "SU_ID" ".+$"
          "default_DATABASE" "%"
          "DATABASE" ".+$"
          "default_SCHEMA" "%"
          "SCHEMA" ".+$"
          "default_PORT" "5432"
          "PORT" ".+$"
          "default_HOST" "localhost"
          "HOST" ".+$"
        END
      #---
        PROJECTION
          "init=epsg:4326"
        END
      #---
        METADATA
            "wms_title" "Boundaries"
            "wms_abstract" "Boundaries between spatial units"
            "wms_include_items" "all"
            "wfs_title" "Boundaries"
            "wfs_abstract" "Boundaries between spatial units"
            "wfs_getfeature_formatlist" "geojson"
            "gml_featureid" "ogc_id"
            "gml_include_items" "all"
        END
      #---
        CLASS
            NAME "boundaries"
            STYLE
                COLOR 80 80 80
                WIDTH 2
            END
        END
    END #----- boundaries layer -----



    #----- conflicts layer -----
    LAYER
        NAME "conflicts"
        TYPE POLYGON
        STATUS ON
        DUMP TRUE
      #---
        CONNECTIONTYPE postgis
        CONNECTION "user=kadaster password=kadaster** host=%HOST%
                    port=%PORT% dbname=%DATABASE% options='-c client_encoding=UTF8'"
        DATA "ogc_geom FROM
                (select s.objectid as ogc_id, s.globalid, s.spatialunit_name, r.right_type,
                        s.geom as ogc_geom
                from %SCHEMA%.spatialunit as s join %SCHEMA%.right as r on r.spatialunit_id = s.globalid
                where r.right_type = '99')
            AS query USING UNIQUE ogc_id USING SRID=4326"
      #---
        VALIDATION
            "default_DATABASE" "%"
            "DATABASE" ".+$"
            "default_SCHEMA" "%"
            "SCHEMA" ".+$"
            "default_PORT" "5432"
            "PORT" ".+$"
            "default_HOST" "localhost"
            "HOST" ".+$"
        END
      #---
        PROJECTION
            "init=epsg:4326"
        END
      #---
        METADATA
            "wms_title" "Conflcits"
            "wms_abstract" "Polygons of conflcits"
            "wms_include_items" "all"
            "wfs_title" "Veredas"
            "wfs_abstract" "Polygons of conflcits"
            "wfs_getfeature_formatlist" "geojson"
            "gml_featureid" "ogc_id"
            "gml_include_items" "all"
        END
      #---
        CLASS
            NAME "conflicts"
            STYLE
                GEOMTRANSFORM (buffer([shape], -6))  ## 5 pixels
                WIDTH 8
                OUTLINECOLOR "#a633cbCC"
                LINEJOIN miter
            END
            STYLE
                GEOMTRANSFORM (buffer([shape], -14))  ## 5 pixels
                WIDTH 8
                OUTLINECOLOR "#a633cb88"
                LINEJOIN miter
            END
        END
    END #----- conflicts layer -----



    #----- neighbours layer -----
    LAYER
        NAME "neighbours"
        TYPE POLYGON
        STATUS ON
        DUMP TRUE
      #---
        CONNECTIONTYPE postgis
        CONNECTION "user=kadaster password=kadaster** host=%HOST%
                    port=%PORT% dbname=%DATABASE% options='-c client_encoding=UTF8'"
        DATA 'ogc_geom FROM
                (SELECT objectid AS ogc_id, array_to_json(physical_id) as physical_id, geom AS ogc_geom
                  FROM %SCHEMA%.spatialunit WHERE objectid IN (%SUIDS%))
              AS query USING UNIQUE ogc_id USING SRID=4326'
      #---
        VALIDATION
            "default_SUIDS" "%"
            "SUIDS" ".+$"
            "default_DATABASE" "%"
            "DATABASE" ".+$"
            "default_SCHEMA" "%"
            "SCHEMA" ".+$"
            "default_PORT" "5432"
            "PORT" ".+$"
            "default_HOST" "localhost"
            "HOST" ".+$"
        END
      #---
        PROJECTION
            "init=epsg:4326"
        END
      #---
        METADATA
            "wms_title" "Spatialunit"
            "wms_abstract" "Polygons of spatialunits"
            "wms_include_items" "all"
            "wfs_title" "Veredas"
            "wfs_abstract" "Polygons of spatialunits"
            "wfs_getfeature_formatlist" "geojson"
            "gml_featureid" "ogc_id"
            "gml_include_items" "all"
        END
      #---
        CLASS
            NAME "spatialunit"
            STYLE
                OUTLINECOLOR 255  105  180
                WIDTH 2
            END
        END
    END #----- neighbours layer -----



    #----- mosaic layer -----
    LAYER
        NAME 'mosaic'
        TYPE RASTER
        STATUS ON
        DATA "../../basedata/%MOSAIC%.tif"
        VALIDATION
            "default_MOSAIC" ""
            "MOSAIC" ".+$"
            "default_MOSPRJ" ""
            "MOSPRJ" ".+$"
        END
        METADATA
            "ows_title" "orthophoto mosaic %MOSPRJ%"
        END

        PROCESSING "SCALE_1=0,95"
        PROCESSING "SCALE_2=5,94"
        PROCESSING "SCALE_3=0,100"
        PROCESSING "NODATA=OFF"

        PROJECTION
            AUTO
        END
    END #----- mosaic layer -----



    #----- vertexpoints layer -----
    LAYER
        NAME "vertexpoints"
        TYPE POINT
        STATUS ON
        DUMP TRUE
      #---
        CONNECTIONTYPE postgis
        CONNECTION "user=kadaster password=kadaster** host=%HOST%
                    port=%PORT% dbname=%DATABASE% options='-c client_encoding=UTF8'"
        DATA "ogc_geom FROM
                (SELECT pto AS ogc_id, id_pol AS su_id,
                        st_y(geom) AS lat, st_x(geom) AS lon,
                        geom AS ogc_geom
                FROM %SCHEMA%.puntos_predio
                WHERE label = 'T' AND id_pol = %SU_ID%)
              AS query USING UNIQUE ogc_id USING SRID=4326"
      #---
        VALIDATION
            "default_SU_ID" "%"
            "SU_ID" ".+$"
            "default_DATABASE" "%"
            "DATABASE" ".+$"
            "default_SCHEMA" "%"
            "SCHEMA" ".+$"
            "default_PORT" "5432"
            "PORT" ".+$"
            "default_HOST" "localhost"
            "HOST" ".+$"
        END
      #---
        PROJECTION
            "init=epsg:4326"
        END
      #---
        METADATA
            "wms_title" "Vertices"
            "wms_abstract" "vertices of spatialunits"
            "wms_include_items" "all"
            "wfs_title" "Veredas"
            "wfs_abstract" "vertices of spatialunits"
            "wfs_getfeature_formatlist" "geojson"
            "gml_featureid" "ogc_id"
            "gml_include_items" "all"
        END
      #---
        CLASS
            NAME "vertices"
            STYLE
                SYMBOL "circle"
                SIZE 8
                COLOR 80 140 255
                OUTLINECOLOR 0 0 255
            END
        END
    END #----- vertexpoints layer -----


    #----- anchorpoints layer -----
    LAYER
        NAME "anchorpoints"
        TYPE POINT
        STATUS ON
        DUMP TRUE
      #---
        CONNECTIONTYPE postgis
        CONNECTION "user=kadaster password=kadaster** host=%HOST%
                    port=%PORT% dbname=%DATABASE% options='-c client_encoding=UTF8'"
        DATA "ogc_geom FROM
                (SELECT pto AS ogc_id, id_pol AS su_id,
                        st_y(geom) AS lat, st_x(geom) AS lon,
                        geom AS ogc_geom
                FROM %SCHEMA%.puntos_predio
                WHERE label = 'A' AND id_pol = %SU_ID%)
              AS query USING UNIQUE ogc_id USING SRID=4326"
      #---
        VALIDATION
            "default_SU_ID" "%"
            "SU_ID" ".+$"
            "default_DATABASE" "%"
            "DATABASE" ".+$"
            "default_SCHEMA" "%"
            "SCHEMA" ".+$"
            "default_PORT" "5432"
            "PORT" ".+$"
            "default_HOST" "localhost"
            "HOST" ".+$"
        END
      #---
        PROJECTION
            "init=epsg:4326"
        END
      #---
        METADATA
            "wms_title" "anchor points"
            "wms_abstract" "anchorpoints"
            "wms_include_items" "all"
            "wfs_title" "anchor points"
            "wfs_abstract" "anchorpoints"
            "wfs_getfeature_formatlist" "geojson"
            "gml_featureid" "ogc_id"
            "gml_include_items" "all"
        END
      #---
        CLASS
            NAME "anchorpoints"
            STYLE
                SYMBOL "circle"
                SIZE 6
                COLOR 80 140 255
                OUTLINECOLOR 0 0 255
            END
        END

    END #----- anchorpoints layer -----



    #----- surveypoints layer layer -----
    LAYER
        NAME "surveypoints"
        TYPE POINT
        STATUS ON
        DUMP TRUE
      #---
        CONNECTIONTYPE postgis
        CONNECTION "user=kadaster password=kadaster** host=%HOST%
                    port=%PORT% dbname=%DATABASE% options='-c client_encoding=UTF8'"
        DATA "ogc_geom FROM
                ((select v.objectid as ogc_id, v.esrignss_h_rms as h_rms, v.geom as ogc_geom,
                         'v' as point_type, v.esrignss_fixdatetime
                from %SCHEMA%.spatialunit as s
                   join %SCHEMA%.vertexpoint as v
                        on ST_Within(st_transform(v.geom,%SRID%), st_buffer(st_transform(s.geom,%SRID%),3))
                where s.objectid::text like '%SU_ID%')
                union
                (select a.objectid as ogc_id, a.esrignss_h_rms as h_rms, a.geom as ogc_geom,
                        'a' as point_type, a.esrignss_fixdatetime
                from %SCHEMA%.spatialunit as s
                   join %SCHEMA%.anchorpoint as a
                   on ST_Within(st_transform(a.geom,%SRID%), st_buffer(st_transform(s.geom,%SRID%),3))
                where s.objectid::text like '%SU_ID%')
                order by 5)
              AS query USING UNIQUE ogc_id USING SRID=4326"
      #---
        VALIDATION
            "default_SU_ID" "%"
            "SU_ID" ".+$"
            "default_DATABASE" "%"
            "DATABASE" ".+$"
            "default_SCHEMA" "%"
            "SCHEMA" ".+$"
            "default_PORT" "5432"
            "PORT" ".+$"
            "default_HOST" "localhost"
            "HOST" ".+$"
            "default_SRID" "3857"
            "SRID" ".+$"
        END
      #---
        PROJECTION
            "init=epsg:4326"
        END
      #---
        METADATA
            "wms_title" "Vertices"
            "wms_abstract" "vertices of spatialunits"
            "wms_include_items" "all"
            "wfs_title" "Veredas"
            "wfs_abstract" "vertices of spatialunits"
            "wfs_getfeature_formatlist" "geojson"
            "gml_featureid" "ogc_id"
            "gml_include_items" "all"
        END
      #---
        CLASS
            NAME "vertices"
            STYLE
                SYMBOL "circle"
                SIZE 8
                COLOR 80 140 255
                OUTLINECOLOR 0 0 255
            END
        END
    END #----- surveypoints layer -----



    #----- timeline layer -----
    LAYER
        NAME "timeline"
        TYPE LINE
        STATUS ON
        DUMP TRUE
      #---
        CONNECTIONTYPE postgis
        CONNECTION "user=kadaster password=kadaster** host=%HOST%
                    port=%PORT% dbname=%DATABASE% options='-c client_encoding=UTF8'"
        DATA "ogc_geom FROM
                (WITH b AS (
                  SELECT limitid, id_party, max(changed_on) AS changed_on
                  FROM %SCHEMA%.status_log
                  group by limitid, id_party
                ),
                d AS (
                  SELECT f.limitid, f.concepto, f.fecha, b.changed_on
                  FROM %SCHEMA%.firma_l AS f LEFT JOIN b
                      ON f.limitid = b.limitid AND f.id_party = b.id_party
                ),
                r AS (
                  SELECT l.limitid, c.status, l.geom, max(d.changed_on) changed_on
                  from %SCHEMA%.limites AS l JOIN %SCHEMA%.muestra_limite_view AS c
                      ON l.limitid = c.limitid
                      LEFT JOIN d ON d.limitid = l.limitid
                  GROUP BY  l.limitid, c.status, l.geom
                )
                SELECT limitid as ogc_id, geom as ogc_geom,
                  CASE
                    WHEN status IS NULL THEN 1
                    ELSE status
                  END AS status,
                  CASE
                    WHEN changed_on IS NULL THEN '2000-01-01'::timestamp
                    ELSE changed_on
                  END AS changed_on
                FROM r %CONDITION%
                ORDER BY changed_on, status)
              AS query USING UNIQUE ogc_id USING SRID=4326"
      #---
        VALIDATION
            "default_CONDITION" ""
            "CONDITION" ".+$"
            "default_DATABASE" "%"
            "DATABASE" ".+$"
            "default_SCHEMA" "%"
            "SCHEMA" ".+$"
            "default_PORT" "5432"
            "PORT" ".+$"
            "default_HOST" "localhost"
            "HOST" ".+$"
        END
      #---
        PROJECTION
            "init=epsg:4326"
        END
      #---
        METADATA
            "wms_title" "Boundaries"
            "wms_abstract" "Boundaries between spatial units"
            "wms_include_items" "all"
            "wfs_title" "Boundaries"
            "wfs_abstract" "Boundaries between spatial units"
            "wfs_getfeature_formatlist" "geojson"
            "gml_featureid" "ogc_id"
            "gml_include_items" "all"
        END
      #---
        CLASS
            NAME "timeline"
            STYLE
                COLOR 0 0 0
                WIDTH 2
            END
        END
    END #----- timeline layer -----



    #----- roads layer -----
    LAYER
        NAME "roads"
        TYPE Line
        STATUS ON
        DUMP TRUE
      #---
        CONNECTIONTYPE postgis
        CONNECTION "user=kadaster password=kadaster** host=%HOST%
                    port=%PORT% dbname=%DATABASE% options='-c client_encoding=UTF8'"
        DATA "ogc_geom FROM
                (select gid AS ogc_id, road_name, road_type, geom AS ogc_geom
                 from basedata.road)
              AS query USING UNIQUE ogc_id USING SRID=4686"
      #---
        VALIDATION
            "default_DATABASE" "%"
            "DATABASE" ".+$"
            "default_SCHEMA" "%"
            "SCHEMA" ".+$"
            "default_PORT" "5432"
            "PORT" ".+$"
            "default_HOST" "localhost"
            "HOST" ".+$"
        END
      #---
        PROJECTION
          "init=epsg:4686"
        END
      #---
        METADATA
            "wms_title" "Roads"
            "wms_abstract" "Roads"
            "wms_include_items" "all"
            "wfs_title" "Roads"
            "wfs_abstract" "Roads"
            "wfs_getfeature_formatlist" "geojson"
            "gml_featureid" "ogc_id"
            "gml_include_items" "all"
        END
      #---
        LABELITEM road_name
        CLASSITEM road_type
        CLASS
            NAME "Primary"
            EXPRESSION {1,2}
              STYLE
                WIDTH 5
                OUTLINEWIDTH 1
                OUTLINECOLOR 153 111 57 # brown
              END
              STYLE
                WIDTH 4
                COLOR 223 197 124 # orange
              END
            LABEL
                COLOR 0 0 0
                TYPE TRUETYPE
                FONT "arial"
                MINSIZE 6
                MAXSIZE 9
                ANGLE AUTO
                POSITION AUTO
                PARTIALS FALSE
                BUFFER 2
            END  #label
        END
        CLASS
            NAME "Secondary_b"
            EXPRESSION {5}
              STYLE
                WIDTH 3
                OUTLINEWIDTH 1
                OUTLINECOLOR 193 188 157 # gray
                # OUTLINECOLOR 103 181 157  # green
              END
              STYLE
                WIDTH 3
                COLOR 255 253 139 # yellow
              END
            LABEL
                COLOR 0 0 0
                TYPE TRUETYPE
                FONT "arial"
                MINSIZE 6
                MAXSIZE 9
                ANGLE AUTO
                POSITION AUTO
                PARTIALS FALSE
                BUFFER 2
            END  #label
        END
        CLASS
            NAME "Path"
            EXPRESSION {6}
              STYLE
                WIDTH 0.5
                COLOR  153 111 57 # brown
                LINECAP butt
                PATTERN 8 6 END
              END
            LABEL
                COLOR 0 0 0
                TYPE TRUETYPE
                FONT "arial"
                MINSIZE 6
                MAXSIZE 9
                ANGLE AUTO
                POSITION AUTO
                PARTIALS FALSE
                BUFFER 2
            END  #label
        END
        CLASS
            NAME "Path"
            EXPRESSION {7}
            STYLE
                WIDTH 0.5
                COLOR  153 111 57 # brown
                LINECAP butt
                PATTERN 8 6 END
            END
            LABEL
                COLOR 0 0 0
                TYPE TRUETYPE
                FONT "arial"
                MINSIZE 6
                MAXSIZE 9
                ANGLE AUTO
                POSITION AUTO
                PARTIALS FALSE
                BUFFER 2
            END  #label
        END
    END #----- roads layer -----

#----- End of LAYER DEFINITIONS ------

END